#-----------------------------------------------------------
# Vivado v2019.2 (64-bit)
# SW Build 2708876 on Wed Nov  6 21:40:23 MST 2019
# IP Build 2700528 on Thu Nov  7 00:09:20 MST 2019
# Start of session at: Thu Sep  7 19:41:51 2023
# Process ID: 21196
# Current directory: F:/project/water_led/vivado
# Command line: vivado.exe -gui_launcher_event rodinguilauncherevent9212 F:\project\water_led\vivado\water_led.xpr
# Log file: F:/project/water_led/vivado/vivado.log
# Journal file: F:/project/water_led/vivado\vivado.jou
#-----------------------------------------------------------
start_gui
open_project F:/project/water_led/vivado/water_led.xpr
update_compile_order -fileset sources_1
open_hw_manager
connect_hw_server -allow_non_jtag
open_hw_target
set_property PROGRAM.FILE {F:/project/water_led/vivado/water_led.runs/impl_1/water_led.bit} [get_hw_devices xc7a35t_0]
current_hw_device [get_hw_devices xc7a35t_0]
refresh_hw_device -update_hw_probes false [lindex [get_hw_devices xc7a35t_0] 0]
set_property PROBES.FILE {} [get_hw_devices xc7a35t_0]
set_property FULL_PROBES.FILE {} [get_hw_devices xc7a35t_0]
set_property PROGRAM.FILE {F:/project/water_led/vivado/water_led.runs/impl_1/water_led.bit} [get_hw_devices xc7a35t_0]
program_hw_devices [get_hw_devices xc7a35t_0]
refresh_hw_device [lindex [get_hw_devices xc7a35t_0] 0]
close_hw_manager
close_project
