#-----------------------------------------------------------
# Vivado v2019.2 (64-bit)
# SW Build 2708876 on Wed Nov  6 21:40:23 MST 2019
# IP Build 2700528 on Thu Nov  7 00:09:20 MST 2019
# Start of session at: Wed Sep 27 16:11:04 2023
# Process ID: 25384
# Current directory: F:/project/VGA/colorbar
# Command line: vivado.exe -gui_launcher_event rodinguilauncherevent18920 F:\project\VGA\colorbar\colorbar.xpr
# Log file: F:/project/VGA/colorbar/vivado.log
# Journal file: F:/project/VGA/colorbar\vivado.jou
#-----------------------------------------------------------
start_gui
open_project F:/project/VGA/colorbar/colorbar.xpr
update_compile_order -fileset sources_1
open_hw_manager
connect_hw_server -allow_non_jtag
open_hw_target
set_property PROGRAM.FILE {F:/project/VGA/colorbar/colorbar.runs/impl_1/vag_colorbar.bit} [get_hw_devices xc7a35t_0]
current_hw_device [get_hw_devices xc7a35t_0]
refresh_hw_device -update_hw_probes false [lindex [get_hw_devices xc7a35t_0] 0]
set_property PROBES.FILE {} [get_hw_devices xc7a35t_0]
set_property FULL_PROBES.FILE {} [get_hw_devices xc7a35t_0]
set_property PROGRAM.FILE {F:/project/VGA/colorbar/colorbar.runs/impl_1/vag_colorbar.bit} [get_hw_devices xc7a35t_0]
program_hw_devices [get_hw_devices xc7a35t_0]
refresh_hw_device [lindex [get_hw_devices xc7a35t_0] 0]
launch_simulation
source tb_colorbar.tcl
run 1 s
close_sim
close_hw_manager
